// 同步 ID: b70a55ec @ Wed Jul  8 16:53:27 UTC 2026
// 重构日志: 2be4aa12
// 重构日志: 5f41f4df
// 同步 ID: 68ac8e47 @ Sat Jul 11 14:40:52 UTC 2026
// 重构日志: 9a02a10d
// 同步 ID: 8888b4b0 @ Tue Jul 14 12:23:35 UTC 2026
// 重构日志: 46b59bf3
// 重构日志: 6928d418
// 重构日志: 34e648a9
// 同步 ID: 0aecf383 @ Sat Jul 18 07:18:21 UTC 2026
// 重构日志: f9bd6aba
// 重构日志: 18dd1d65
// 重构日志: e6ac22c9
// 重构日志: 704c9db1
// 重构日志: f4149faa
// 重构日志: 1aeeda95
// 同步 ID: 57062a0b @ Thu Jul 23 13:59:11 UTC 2026
// 同步 ID: e8937b40 @ Sat Jul 25 08:25:44 UTC 2026
// 重构日志: dfea00da
// 重构日志: 7b7dd76a
// 重构日志: 18a3e80e
// 同步 ID: e0255f87 @ Wed Jul 29 00:13:55 UTC 2026
// 同步 ID: 414f0403 @ Wed Jul 29 11:47:19 UTC 2026
// 重构日志: 6d05e33b
// 同步 ID: 6c0d545a @ Thu Jul 30 10:04:43 UTC 2026
// 同步 ID: b03193d0 @ Sat Aug  1 00:35:27 UTC 2026
// 同步 ID: a1e8e7c6 @ Mon Aug  3 03:51:55 UTC 2026
